[32mINFO[0m:     [21-08-2024 23:52:10] Set chroma_server_nofile to 65535
[32mINFO[0m:     [21-08-2024 23:52:10] Anonymized telemetry enabled. See                     https://docs.trychroma.com/telemetry for more information.
[36mDEBUG[0m:    [21-08-2024 23:52:10] Starting component System
[36mDEBUG[0m:    [21-08-2024 23:52:10] Starting component OpenTelemetryClient
[36mDEBUG[0m:    [21-08-2024 23:52:10] Starting component SqliteDB
[36mDEBUG[0m:    [21-08-2024 23:52:10] Starting component QuotaEnforcer
[36mDEBUG[0m:    [21-08-2024 23:52:10] Starting component Posthog
[36mDEBUG[0m:    [21-08-2024 23:52:10] Starting component LocalSegmentManager
[36mDEBUG[0m:    [21-08-2024 23:52:10] Starting component SegmentAPI
[32mINFO[0m:     [21-08-2024 23:52:10] Started server process [[36m14741[0m]
[32mINFO[0m:     [21-08-2024 23:52:10] Waiting for application startup.
[32mINFO[0m:     [21-08-2024 23:52:10] Application startup complete.
[32mINFO[0m:     [21-08-2024 23:52:10] Uvicorn running on [1mhttp://localhost:8000[0m (Press CTRL+C to quit)
[32mINFO[0m:     [22-08-2024 09:55:10] Set chroma_server_nofile to 65535
[32mINFO[0m:     [22-08-2024 09:55:10] Anonymized telemetry enabled. See                     https://docs.trychroma.com/telemetry for more information.
[36mDEBUG[0m:    [22-08-2024 09:55:10] Starting component System
[36mDEBUG[0m:    [22-08-2024 09:55:10] Starting component OpenTelemetryClient
[36mDEBUG[0m:    [22-08-2024 09:55:10] Starting component SqliteDB
[36mDEBUG[0m:    [22-08-2024 09:55:10] Starting component QuotaEnforcer
[36mDEBUG[0m:    [22-08-2024 09:55:10] Starting component Posthog
[36mDEBUG[0m:    [22-08-2024 09:55:10] Starting component LocalSegmentManager
[36mDEBUG[0m:    [22-08-2024 09:55:10] Starting component SegmentAPI
[32mINFO[0m:     [22-08-2024 09:55:10] Started server process [[36m19587[0m]
[32mINFO[0m:     [22-08-2024 09:55:10] Waiting for application startup.
[32mINFO[0m:     [22-08-2024 09:55:10] Application startup complete.
[32mINFO[0m:     [22-08-2024 09:55:10] Uvicorn running on [1mhttp://localhost:8000[0m (Press CTRL+C to quit)
[32mINFO[0m:     [22-08-2024 09:55:26] ::1:62623 - "GET / HTTP/1.1" 404
[32mINFO[0m:     [22-08-2024 09:55:26] ::1:62623 - "GET /favicon.ico HTTP/1.1" 404
